<html>
<body>
<pre>
<h1>µVision Build Log</h1>
<h2>Tool Versions:</h2>
IDE-Version: µVision V5.33.0.0
Copyright (C) 2020 ARM Ltd and ARM Germany GmbH. All rights reserved.
License Information: Ömer Karslýoðlu, AYBU, LIC=----
 
Tool Versions:
Toolchain:       MDK-Lite  Version: 5.33.0.0
Toolchain Path:  C:\Keil_v5\ARM\ARMCLANG\Bin
C Compiler:      ArmClang.exe V6.15
Assembler:       Armasm.exe V6.15
Linker/Locator:  ArmLink.exe V6.15
Library Manager: ArmAr.exe V6.15
Hex Converter:   FromElf.exe V6.15
CPU DLL:         SARMCM3.DLL V5.33.0.0
Dialog DLL:      DCM.DLL V1.17.3.0
Target DLL:      lmidk-agdi.dll V???
Dialog DLL:      TCM.DLL V1.48.0.0
 
<h2>Project:</h2>
C:\Users\solid\Desktop\TI ARM Projects\LAB5\LAB5_ADC.uvprojx
Project File Date:  05/16/2021

<h2>Output:</h2>
*** Using Compiler 'V6.15', folder: 'C:\Keil_v5\ARM\ARMCLANG\Bin'
Build target 'Target 1'
LAB5.c(22): warning: implicit conversion loses floating-point precision: 'double' to 'float' [-Wimplicit-float-conversion]
                voltage=adcResult*3.3/4095 ;  // Convert ADC value to voltage
                       ~~~~~~~~~~~~~~^~~~~
LAB5.c(24): warning: 'return' will never be executed [-Wunreachable-code-return]
return 0;
       ^
LAB5.c(37): warning: implicit conversion changes signedness: 'int' to 'unsigned int' [-Wsign-conversion]
        SYSCTL_RCC_R   = (SYSCTL_RCC_R & ~ (0X000007C0))+(0x15<<6);      
                                       ~ ^~~~~~~~~~~~~~
LAB5.c(40): warning: implicit conversion changes signedness: 'int' to 'unsigned int' [-Wsign-conversion]
        SYSCTL_RCC2_R &=  ~(0x00000070);                                                                                         // Clearing RCC2[6:4] OSCSRRC2 =000=MOSC (Configuration for main oscillator source)
                      ~~  ^~~~~~~~~~~~~
LAB5.c(41): warning: implicit conversion changes signedness: 'int' to 'unsigned int' [-Wsign-conversion]
        SYSCTL_RCC2_R &=  ~(0x00002000);                                                                                                         // Clearing RCC2[13]=PERDN=0 (Clearing PWRDN to active PLL)
                      ~~  ^~~~~~~~~~~~~
LAB5.c(43): warning: implicit conversion changes signedness: 'int' to 'unsigned int' [-Wsign-conversion]
        SYSCTL_RCC2_R  = (SYSCTL_RCC2_R & ~(0x1FC00000))+(0x04<<22); // Gives N=4 , N+1=5 , 400/5=80 (Setting system clock divider RCC[28:22])
                                        ~ ^~~~~~~~~~~~~
LAB5.c(45): warning: implicit conversion changes signedness: 'int' to 'unsigned int' [-Wsign-conversion]
        SYSCTL_RCC2_R &=  ~(0x00000800);                                                                                   //RCC2[11]=0 (Setting BYPASS to 0, select PLL as the source of system clock)
                      ~~  ^~~~~~~~~~~~~
LAB5.c(66): warning: implicit conversion changes signedness: 'int' to 'unsigned int' [-Wsign-conversion]
  SYSCTL_RCGC0_R &= ~(0x00000300);                              // Set sampling rate to 125K
                 ~~ ^~~~~~~~~~~~~
LAB5.c(81): warning: implicit conversion changes signedness: 'int' to 'unsigned int' [-Wsign-conversion]
  ADC0_ACTSS_R  &= ~(1<<3);                                                     // Disable sample sequencer 3 before changes (0)
                ~~ ^~~~~~~
9 warnings generated.
compiling LAB5.c...
linking...
Program Size: Code=2376 RO-data=636 RW-data=0 ZI-data=616  
".\Objects\LAB5_ADC.axf" - 0 Error(s), 9 Warning(s).

<h2>Software Packages used:</h2>

Package Vendor: ARM
                http://www.keil.com/pack/ARM.CMSIS.5.7.0.pack
                ARM.CMSIS.5.7.0
                CMSIS (Cortex Microcontroller Software Interface Standard)
   * Component: CORE Version: 5.4.0

Package Vendor: Keil
                http://www.keil.com/pack/Keil.TM4C_DFP.1.1.0.pack
                Keil.TM4C_DFP.1.1.0
                Texas Instruments Tiva C Series Device Support and Examples
   * Component: Startup Version: 1.0.1

<h2>Collection of Component include folders:</h2>
  .\RTE\_Target_1
  C:\Users\solid\AppData\Local\Arm\Packs\ARM\CMSIS\5.7.0\CMSIS\Core\Include
  C:\Users\solid\AppData\Local\Arm\Packs\Keil\TM4C_DFP\1.1.0\Device\Include\TM4C123

<h2>Collection of Component Files used:</h2>

   * Component: ARM::CMSIS:CORE:5.4.0

   * Component: Keil::Device:Startup:1.0.1
      Include file:  Device\Include\TM4C123\TM4C123.h
      Source file:   Device\Source\ARM\startup_TM4C123.s
      Source file:   Device\Source\system_TM4C123.c
Build Time Elapsed:  00:00:01
</pre>
</body>
</html>
